
========================================
[MOCK EMAIL SENT] - 8/7/2569 13:44:46
To: pipezaza431@gmail.com
From: no-reply@tracking-system.com
Subject: 🔒 รหัสผ่านชั่วคราวสำหรับระบบ Face Tracking System
Temporary Password: EjnJq5N!98
========================================

========================================
[MOCK EMAIL SENT] - 8/7/2569 13:52:49
To: pipezaza431@gmail.com
From: no-reply@tracking-system.com
Subject: 🔒 ลิงก์เปลี่ยนรหัสผ่านสำหรับระบบ Face Tracking System
Reset Link: http://localhost:3000/reset-password?token=eyJhbGciOiJIUzI1NiIsInR5cCI6IkpXVCJ9.eyJ1c2VySWQiOiJjbXI0bGlwYTcwMDAwcWo5ZjFxaXZkM3AyIiwiZW1haWwiOiJwaXBlemF6YTQzMUBnbWFpbC5jb20iLCJwdXJwb3NlIjoicGFzc3dvcmQtcmVzZXQiLCJpYXQiOjE3ODM0OTM1NjksImV4cCI6MTc4MzQ5NzE2OX0.JQNW1cElEwt800BQqAJLTUcj1pe0LeBCepg7V-zlLN4
========================================

========================================
[MOCK EMAIL SENT] - 12/7/2569 15:40:59
To: pipezaza431@gmail.com
From: no-reply@tracking-system.com
Subject: 🔒 ลิงก์เปลี่ยนรหัสผ่านสำหรับระบบ Face Tracking System
Reset Link: http://localhost:3000/reset-password?token=eyJhbGciOiJIUzI1NiIsInR5cCI6IkpXVCJ9.eyJ1c2VySWQiOiJjbXI0bGlwYTcwMDAwcWo5ZjFxaXZkM3AyIiwiZW1haWwiOiJwaXBlemF6YTQzMUBnbWFpbC5jb20iLCJwdXJwb3NlIjoicGFzc3dvcmQtcmVzZXQiLCJpYXQiOjE3ODM4NDU2NTksImV4cCI6MTc4Mzg0OTI1OX0.WqPmRBusCcL8u63WpdlVUvOt_40dLZVU-ffck244wuk
========================================
